#--disable-videofilter
#--disable-alpha
#--disable-apetag
#--disable-audiofx
#--disable-auparse
--enable-autodetect
#--enable-avi
#--disable-cutter
#--disable-debugutils
#--disable-deinterlace
#--disable-effectv
#--disable-equalizer
#--enable-flv
--enable-id3demux
#--disable-icydemux
#--disable-interleave
#--disable-flx
#--disable-goom
#--disable-goom2k1
#--disable-imagefreeze
#--disable-law
#--disable-level
#--enable-matroska
#--disable-monoscope
#--disable-multifile
#--disable-multipart
#--disable-qtdemux
#--disable-replaygain
#--disable-rtp
#--disable-rtpmanager
#--disable-rtsp
#--disable-shapewipe
#--disable-smpte
#--disable-spectrum
--enable-udp
--enable-videobox
--enable-videocrop
--enable-videomixer
--enable-wavenc
--enable-wavparse
--disable-y4m
--disable-directsound
--disable-oss
--disable-oss4
--disable-sunaudio
#--disable-osx_audio
#--disable-osx_video
#--disable-gst_v4l2
--disable-x
#--disable-xshm
--enable-xvideo
--disable-aalib
--disable-aalibtest
#--disable-annodex
--disable-cairo
#--disable-esd
#--disable-esdtest
--disable-flac
#--disable-gconf
--disable-gdk_pixbuf
#--disable-hal
--disable-jack
#--enable-jpeg
--disable-libcaca
#--disable-libdv
--disable-libpng
--disable-pulse
#--disable-dv1394
--disable-shout2
--disable-shout2test
--disable-soup
#--disable-speex
#--disable-taglib
#--disable-wavpack
#--enable-zlib
#--enable-bz2
